--------------
Errors logs
--------------
